// Jest Snapshot v1, https://goo.gl/fbAQLP

exports[`App snapshot renders the progress bar 1`] = `
<View
  style={
    Object {
      "flex": 5,
    }
  }
>
  <View
    style={
      Object {
        "flex": 1,
        "paddingTop": 22,
      }
    }
  >
    <View>
      <Text
        accessible={true}
        allowFontScaling={true}
        ellipsizeMode="tail"
      >
         
         
      </Text>
    </View>
    <View
      style={
        Object {
          "flex": 1,
        }
      }
    >
      <TextInput
        allowFontScaling={true}
        onChangeText={[Function]}
        style={
          Object {
            "borderTopWidth": 2,
            "height": 40,
            "marginTop": 20,
          }
        }
        value="Homework"
      />
      <View
        accessibilityComponentType="button"
        accessibilityTraits={
          Array [
            "button",
          ]
        }
        accessible={true}
        isTVSelectable={true}
        onResponderGrant={[Function]}
        onResponderMove={[Function]}
        onResponderRelease={[Function]}
        onResponderTerminate={[Function]}
        onResponderTerminationRequest={[Function]}
        onStartShouldSetResponder={[Function]}
        style={
          Object {
            "opacity": 1,
          }
        }
      >
        <View
          style={
            Array [
              Object {},
            ]
          }
        >
          <Text
            accessible={true}
            allowFontScaling={true}
            ellipsizeMode="tail"
            style={
              Array [
                Object {
                  "color": "#007AFF",
                  "fontSize": 18,
                  "padding": 8,
                  "textAlign": "center",
                },
              ]
            }
          >
            Add
          </Text>
        </View>
      </View>
    </View>
  </View>
  <View
    style={
      Object {
        "alignItems": "center",
        "flex": 0.4,
        "justifyContent": "center",
      }
    }
  >
    <View>
      <View
        animated={true}
        animationConfig={
          Object {
            "bounciness": 0,
          }
        }
        animationType="spring"
        indeterminate={false}
        onLayout={[Function]}
        progress={0.8666666666666667}
        style={
          Array [
            Object {
              "backgroundColor": "#F22",
              "borderColor": "#000",
              "borderRadius": 4,
              "borderWidth": 1,
              "overflow": "hidden",
              "width": 200,
            },
            undefined,
          ]
        }
        useNativeDriver={false}
      >
        <View
          style={
            Object {
              "backgroundColor": "#0F0",
              "height": 10,
              "transform": Array [
                Object {
                  "translateX": -7.105427357601002e-15,
                },
                Object {
                  "translateX": -13.200000000000003,
                },
                Object {
                  "scaleX": 0.86668,
                },
              ],
            }
          }
        />
      </View>
    </View>
  </View>
</View>
`;
